All good!
